/*
 * Copyright (C) 2007-2016 Artima, Inc. All rights reserved.
 *
 * Licensed under the Apache License, Version 2.0 (the "License");
 * you may not use this file except in compliance with the License.
 * You may obtain a copy of the License at
 *
 *     http://www.apache.org/licenses/LICENSE-2.0
 *
 * Unless required by applicable law or agreed to in writing, software
 * distributed under the License is distributed on an "AS IS" BASIS,
 * WITHOUT WARRANTIES OR CONDITIONS OF ANY KIND, either express or implied.
 * See the License for the specific language governing permissions and
 * limitations under the License.
 *
 * Automatically generated Scala interpreter transcript from:
 *
 * Programming in Scala (Third Edition)
 * by Martin Odersky, Lex Spoon, Bill Venners
 *
 * http://booksites.artima.com/programming_in_scala_3ed
 */


scala> import scala.xml._
<console>:7: error: object xml is not a member of package scala
       import scala.xml._
                    ^

scala> <a>
         This is some XML.
         Here is a tag: <atag/>
       </a>
<console>:8: error: To compile XML syntax, the scala.xml package must be on the classpath.
Please see http://docs.scala-lang.org/overviews/core/scala-2.11.html#scala-xml.
<a>
^

scala> <a> {"hello" + ", world"} </a>
<console>:8: error: To compile XML syntax, the scala.xml package must be on the classpath.
Please see http://docs.scala-lang.org/overviews/core/scala-2.11.html#scala-xml.
<a> {"hello" + ", world"} </a>
^

scala> val yearMade = 1955
yearMade: Int = 1955

scala>  <a> { if (yearMade < 2000) <old>{yearMade}</old>
              else xml.NodeSeq.Empty }
        </a>
<console>:9: error: To compile XML syntax, the scala.xml package must be on the classpath.
Please see http://docs.scala-lang.org/overviews/core/scala-2.11.html#scala-xml.
 <a> { if (yearMade < 2000) <old>{yearMade}</old>
 ^

scala> <a> {3 + 4} </a>
<console>:8: error: To compile XML syntax, the scala.xml package must be on the classpath.
Please see http://docs.scala-lang.org/overviews/core/scala-2.11.html#scala-xml.
<a> {3 + 4} </a>
^

scala> <a> {"</a>potential security hole<a>"} </a>
<console>:8: error: To compile XML syntax, the scala.xml package must be on the classpath.
Please see http://docs.scala-lang.org/overviews/core/scala-2.11.html#scala-xml.
<a> {"</a>potential security hole<a>"} </a>
^

scala> "<a>" + "</a>potential security hole<a>" + "</a>"
res5: String = <a></a>potential security hole<a></a>

scala>   abstract class CCTherm {
           val description: String
           val yearMade: Int
           val dateObtained: String
           val bookPrice: Int      // in US cents
           val purchasePrice: Int  // in US cents
           val condition: Int      // 1 to 10
       
           override def toString = description

           def toXML =
             <cctherm>
               <description>{description}</description>
               <yearMade>{yearMade}</yearMade>
               <dateObtained>{dateObtained}</dateObtained>
               <bookPrice>{bookPrice}</bookPrice>
               <purchasePrice>{purchasePrice}</purchasePrice>
               <condition>{condition}</condition>
             </cctherm>

       }
<console>:19: error: To compile XML syntax, the scala.xml package must be on the classpath.
Please see http://docs.scala-lang.org/overviews/core/scala-2.11.html#scala-xml.
             <cctherm>
             ^

scala> val therm = new CCTherm {
         val description = "hot dog #5"
         val yearMade = 1952
         val dateObtained = "March 14, 2006"
         val bookPrice = 2199
         val purchasePrice = 500
         val condition = 9
       }
<console>:7: error: not found: type CCTherm
       val therm = new CCTherm {
                       ^

scala> therm.toXML
<console>:8: error: not found: value therm
              therm.toXML
              ^

scala> <a> {{{{brace yourself!}}}} </a>
<console>:8: error: To compile XML syntax, the scala.xml package must be on the classpath.
Please see http://docs.scala-lang.org/overviews/core/scala-2.11.html#scala-xml.
<a> {{{{brace yourself!}}}} </a>
^

scala> <a>Sounds <tag/> good</a>.text
<console>:8: error: To compile XML syntax, the scala.xml package must be on the classpath.
Please see http://docs.scala-lang.org/overviews/core/scala-2.11.html#scala-xml.
<a>Sounds <tag/> good</a>.text
^

scala> <a> input ---&gt; output </a>.text
<console>:8: error: To compile XML syntax, the scala.xml package must be on the classpath.
Please see http://docs.scala-lang.org/overviews/core/scala-2.11.html#scala-xml.
<a> input ---&gt; output </a>.text
^

scala> <a><b><c>hello</c></b></a> \ "b"
<console>:8: error: To compile XML syntax, the scala.xml package must be on the classpath.
Please see http://docs.scala-lang.org/overviews/core/scala-2.11.html#scala-xml.
<a><b><c>hello</c></b></a> \ "b"
^

scala>  <a><b><c>hello</c></b></a> \ "c"
<console>:8: error: To compile XML syntax, the scala.xml package must be on the classpath.
Please see http://docs.scala-lang.org/overviews/core/scala-2.11.html#scala-xml.
 <a><b><c>hello</c></b></a> \ "c"
 ^

scala>  <a><b><c>hello</c></b></a> \\ "c"
<console>:8: error: To compile XML syntax, the scala.xml package must be on the classpath.
Please see http://docs.scala-lang.org/overviews/core/scala-2.11.html#scala-xml.
 <a><b><c>hello</c></b></a> \\ "c"
 ^

scala>  <a><b><c>hello</c></b></a> \ "a"
<console>:8: error: To compile XML syntax, the scala.xml package must be on the classpath.
Please see http://docs.scala-lang.org/overviews/core/scala-2.11.html#scala-xml.
 <a><b><c>hello</c></b></a> \ "a"
 ^

scala>  <a><b><c>hello</c></b></a> \\ "a"
<console>:8: error: To compile XML syntax, the scala.xml package must be on the classpath.
Please see http://docs.scala-lang.org/overviews/core/scala-2.11.html#scala-xml.
 <a><b><c>hello</c></b></a> \\ "a"
 ^

scala> val joe = <employee
          name="Joe"
          rank="code monkey"
          serial="123"/>
<console>:7: error: To compile XML syntax, the scala.xml package must be on the classpath.
Please see http://docs.scala-lang.org/overviews/core/scala-2.11.html#scala-xml.
val joe = <employee
          ^

scala>  joe \ "@name"
<console>:8: error: not found: value joe
               joe \ "@name"
               ^

scala>  joe \ "@serial"
<console>:8: error: not found: value joe
               joe \ "@serial"
               ^

scala>   def fromXML(node: scala.xml.Node): CCTherm =
           new CCTherm {
             val description   = (node \ "description").text
             val yearMade      = (node \ "yearMade").text.toInt
             val dateObtained  = (node \ "dateObtained").text
             val bookPrice     = (node \ "bookPrice").text.toInt
             val purchasePrice = (node \ "purchasePrice").text.toInt
             val condition     = (node \ "condition").text.toInt
           }

<console>:7: error: not found: type CCTherm
         def fromXML(node: scala.xml.Node): CCTherm =
                                            ^
<console>:7: error: object xml is not a member of package scala
         def fromXML(node: scala.xml.Node): CCTherm =
                                 ^
<console>:8: error: not found: type CCTherm
                  new CCTherm {
                      ^

scala> val node = therm.toXML
<console>:7: error: not found: value therm
       val node = therm.toXML
                  ^

scala> fromXML(node)
<console>:8: error: not found: value fromXML
              fromXML(node)
              ^
<console>:8: error: not found: value node
              fromXML(node)
                      ^

scala>   def proc(node: scala.xml.Node): String =
           node match {
             case <a>{contents}</a> => "It's an a: " + contents
             case <b>{contents}</b> => "It's a b: " + contents
             case _ => "It's something else."
           }

<console>:9: error: To compile XML syntax, the scala.xml package must be on the classpath.
Please see http://docs.scala-lang.org/overviews/core/scala-2.11.html#scala-xml.
             case <a>{contents}</a> => "It's an a: " + contents
                  ^

scala> proc(<a>apple</a>)
<console>:8: error: To compile XML syntax, the scala.xml package must be on the classpath.
Please see http://docs.scala-lang.org/overviews/core/scala-2.11.html#scala-xml.
proc(<a>apple</a>)
     ^

scala> proc(<b>banana</b>)
<console>:8: error: To compile XML syntax, the scala.xml package must be on the classpath.
Please see http://docs.scala-lang.org/overviews/core/scala-2.11.html#scala-xml.
proc(<b>banana</b>)
     ^

scala> proc(<c>cherry</c>)
<console>:8: error: To compile XML syntax, the scala.xml package must be on the classpath.
Please see http://docs.scala-lang.org/overviews/core/scala-2.11.html#scala-xml.
proc(<c>cherry</c>)
     ^

scala> proc(<a>a <em>red</em> apple</a>)
<console>:8: error: To compile XML syntax, the scala.xml package must be on the classpath.
Please see http://docs.scala-lang.org/overviews/core/scala-2.11.html#scala-xml.
proc(<a>a <em>red</em> apple</a>)
     ^

scala> proc(<a/>)
<console>:8: error: To compile XML syntax, the scala.xml package must be on the classpath.
Please see http://docs.scala-lang.org/overviews/core/scala-2.11.html#scala-xml.
proc(<a/>)
     ^

scala>   def proc(node: scala.xml.Node): String =
           node match {
             case <a>{contents @ _*}</a> => "It's an a: " + contents
             case <b>{contents @ _*}</b> => "It's a b: " + contents
             case _ => "It's something else."
           }

<console>:9: error: To compile XML syntax, the scala.xml package must be on the classpath.
Please see http://docs.scala-lang.org/overviews/core/scala-2.11.html#scala-xml.
             case <a>{contents @ _*}</a> => "It's an a: " + contents
                  ^

scala> proc(<a>a <em>red</em> apple</a>)
<console>:8: error: To compile XML syntax, the scala.xml package must be on the classpath.
Please see http://docs.scala-lang.org/overviews/core/scala-2.11.html#scala-xml.
proc(<a>a <em>red</em> apple</a>)
     ^

scala> proc(<a/>)
<console>:8: error: To compile XML syntax, the scala.xml package must be on the classpath.
Please see http://docs.scala-lang.org/overviews/core/scala-2.11.html#scala-xml.
proc(<a/>)
     ^

scala> val catalog =
           <catalog>
             <cctherm>
               <description>hot dog #5</description>
               <yearMade>1952</yearMade>
               <dateObtained>March 14, 2006</dateObtained>
               <bookPrice>2199</bookPrice>
               <purchasePrice>500</purchasePrice>
               <condition>9</condition>
             </cctherm>
             <cctherm>
               <description>Sprite Boy</description>
               <yearMade>1964</yearMade>
               <dateObtained>April 28, 2003</dateObtained>
               <bookPrice>1695</bookPrice>
               <purchasePrice>595</purchasePrice>
               <condition>5</condition>
             </cctherm>
           </catalog>

<console>:8: error: To compile XML syntax, the scala.xml package must be on the classpath.
Please see http://docs.scala-lang.org/overviews/core/scala-2.11.html#scala-xml.
    <catalog>
    ^

scala>   catalog match {
           case <catalog>{therms @ _*}</catalog> =>
             for (therm <- therms)
               println("processing: " + 
                       (therm \ "description").text)
         }

<console>:9: error: To compile XML syntax, the scala.xml package must be on the classpath.
Please see http://docs.scala-lang.org/overviews/core/scala-2.11.html#scala-xml.
           case <catalog>{therms @ _*}</catalog> =>
                ^

scala>   catalog match {
           case <catalog>{therms @ _*}</catalog> =>
             for (therm @ <cctherm>{_*}</cctherm>  <-  therms)
               println("processing: " + 
                       (therm \ "description").text)
         }

<console>:9: error: To compile XML syntax, the scala.xml package must be on the classpath.
Please see http://docs.scala-lang.org/overviews/core/scala-2.11.html#scala-xml.
           case <catalog>{therms @ _*}</catalog> =>
                ^

