/*
 * Copyright (C) 2007-2016 Artima, Inc. All rights reserved.
 *
 * Licensed under the Apache License, Version 2.0 (the "License");
 * you may not use this file except in compliance with the License.
 * You may obtain a copy of the License at
 *
 *     http://www.apache.org/licenses/LICENSE-2.0
 *
 * Unless required by applicable law or agreed to in writing, software
 * distributed under the License is distributed on an "AS IS" BASIS,
 * WITHOUT WARRANTIES OR CONDITIONS OF ANY KIND, either express or implied.
 * See the License for the specific language governing permissions and
 * limitations under the License.
 *
 * Automatically generated Scala interpreter transcript from:
 *
 * Programming in Scala (Third Edition)
 * by Martin Odersky, Lex Spoon, Bill Venners
 *
 * http://booksites.artima.com/programming_in_scala_3ed
 */


scala> val msg2: java.lang.String = "Hello again, world!"
msg2: String = Hello again, world!

scala> val msg3: String = "Hello yet again, world!"
msg3: String = Hello yet again, world!

scala> println(msg)
<console>:8: error: not found: value msg
              println(msg)
                      ^

scala> msg = "Goodbye cruel world!"
<console>:10: error: not found: value msg
val $ires0 = msg
             ^
<console>:7: error: not found: value msg
       msg = "Goodbye cruel world!"
       ^

scala> var greeting = "Hello, world!"
greeting: String = Hello, world!

scala> greeting = "Leave me alone, world!"
greeting: String = Leave me alone, world!

scala> val multiLine =

